components/LeandrosWelcome.tsx(414,103): error TS1382: Unexpected token. Did you mean `{'>'}` or `&gt;`?
components/LeandrosWelcome.tsx(414,104): error TS1382: Unexpected token. Did you mean `{'>'}` or `&gt;`?
